// Jest Snapshot v1, https://goo.gl/fbAQLP

exports[`testing the rendering of missions  1`] = `
<div>
  <ul />
</div>
`;
